// Jest Snapshot v1, https://goo.gl/fbAQLP

exports[`Table component renders correctly 1`] = `
<section
  className="table-container"
>
  <div
    className="row"
  >
    <div
      className="cell-container"
      onClick={[Function]}
    >
      _
    </div>
    <div
      className="cell-container"
      onClick={[Function]}
    >
      2
    </div>
    <div
      className="cell-container"
      onClick={[Function]}
    >
      3
    </div>
  </div>
  <div
    className="row"
  >
    <div
      className="cell-container"
      onClick={[Function]}
    >
      2
    </div>
    <div
      className="cell-container"
      onClick={[Function]}
    >
      4
    </div>
    <div
      className="cell-container"
      onClick={[Function]}
    >
      6
    </div>
  </div>
  <div
    className="row"
  >
    <div
      className="cell-container"
      onClick={[Function]}
    >
      3
    </div>
    <div
      className="cell-container"
      onClick={[Function]}
    >
      6
    </div>
    <div
      className="cell-container"
      onClick={[Function]}
    >
      9
    </div>
  </div>
</section>
`;
