// Jest Snapshot v1, https://goo.gl/fbAQLP

exports[`Table component renders correctly 1`] = `
<section
  className="table-container"
>
  <div
    className="row"
  >
    <div
      className="cell-container"
    >
      _
    </div>
    <div
      className="cell-container"
    >
      2
    </div>
    <div
      className="cell-container"
    >
      3
    </div>
    <div
      className="cell-container"
    >
      5
    </div>
    <div
      className="cell-container"
    >
      7
    </div>
    <div
      className="cell-container"
    >
      11
    </div>
  </div>
  <div
    className="row"
  >
    <div
      className="cell-container"
    >
      2
    </div>
    <div
      className="cell-container"
    >
      4
    </div>
    <div
      className="cell-container"
    >
      6
    </div>
    <div
      className="cell-container"
    >
      10
    </div>
    <div
      className="cell-container"
    >
      14
    </div>
    <div
      className="cell-container"
    >
      22
    </div>
  </div>
  <div
    className="row"
  >
    <div
      className="cell-container"
    >
      3
    </div>
    <div
      className="cell-container"
    >
      6
    </div>
    <div
      className="cell-container"
    >
      9
    </div>
    <div
      className="cell-container"
    >
      15
    </div>
    <div
      className="cell-container"
    >
      21
    </div>
    <div
      className="cell-container"
    >
      33
    </div>
  </div>
  <div
    className="row"
  >
    <div
      className="cell-container"
    >
      5
    </div>
    <div
      className="cell-container"
    >
      10
    </div>
    <div
      className="cell-container"
    >
      15
    </div>
    <div
      className="cell-container"
    >
      25
    </div>
    <div
      className="cell-container"
    >
      35
    </div>
    <div
      className="cell-container"
    >
      55
    </div>
  </div>
  <div
    className="row"
  >
    <div
      className="cell-container"
    >
      7
    </div>
    <div
      className="cell-container"
    >
      14
    </div>
    <div
      className="cell-container"
    >
      21
    </div>
    <div
      className="cell-container"
    >
      35
    </div>
    <div
      className="cell-container"
    >
      49
    </div>
    <div
      className="cell-container"
    >
      77
    </div>
  </div>
  <div
    className="row"
  >
    <div
      className="cell-container"
    >
      11
    </div>
    <div
      className="cell-container"
    >
      22
    </div>
    <div
      className="cell-container"
    >
      33
    </div>
    <div
      className="cell-container"
    >
      55
    </div>
    <div
      className="cell-container"
    >
      77
    </div>
    <div
      className="cell-container"
    >
      121
    </div>
  </div>
</section>
`;
